// Jest Snapshot v1, https://goo.gl/fbAQLP

exports[`Check Step actions Check Step Submit should cancel check step cancel action 1`] = `
Object {
  "type": "CHECK_STEP_CANCEL",
}
`;

exports[`Check Step actions Check Step Submit should create check step submit action 1`] = `
Object {
  "payload": undefined,
  "type": "CHECK_STEP_SUBMIT",
}
`;
