// Jest Snapshot v1, https://goo.gl/fbAQLP

exports[`user Reducer User Action Login Success 1`] = `
Array [
  Object {
    "avatar": undefined,
    "name": undefined,
    "role": undefined,
    "uid": undefined,
    "uuid": undefined,
  },
]
`;

exports[`user Reducer User Action UnSupport Action Type 1`] = `Array []`;

exports[`user Reducer User should Return the initial state 1`] = `Array []`;
